../Core/Src/bms.c:94:6:HAL_TIM_PeriodElapsedCallback_LTC	16	static
../Core/Src/bms.c:99:6:HAL_CAN_RxFifo0MsgPendingCallback	56	static
../Core/Src/bms.c:105:6:HAL_TIM_IC_CaptureCallback	24	static
../Core/Src/bms.c:125:6:BMS_init	8	static
../Core/Src/bms.c:130:6:BMS	16	static
../Core/Src/bms.c:155:13:BMS_WaitMs	24	static
../Core/Src/bms.c:167:10:calculateTemperature	24	static
../Core/Src/bms.c:180:6:CAN_interrupt	56	static
../Core/Src/bms.c:201:6:sortTemperature	32	static
../Core/Src/bms.c:224:6:convertTemperature	24	static
../Core/Src/bms.c:289:6:checkPEC	16	static
../Core/Src/bms.c:302:6:checkIMD	16	static
