../Core/Src/bms.c:96:6:HAL_TIM_PeriodElapsedCallback	16	static
../Core/Src/bms.c:105:6:HAL_CAN_RxFifo0MsgPendingCallback	56	static
../Core/Src/bms.c:111:6:HAL_TIM_IC_CaptureCallback	24	static
../Core/Src/bms.c:131:6:BMS_init	8	static
../Core/Src/bms.c:136:6:BMS	24	static
../Core/Src/bms.c:241:13:BMS_WaitMs	24	static
../Core/Src/bms.c:249:6:convertVoltage	16	static
../Core/Src/bms.c:308:10:calculateTemperature	24	static
../Core/Src/bms.c:321:6:CAN_interrupt	56	static
../Core/Src/bms.c:342:6:sortTemperature	32	static
../Core/Src/bms.c:365:6:convertTemperature	24	static
../Core/Src/bms.c:430:6:checkPEC	16	static
../Core/Src/bms.c:443:6:checkIMD	16	static
../Core/Src/bms.c:481:6:send_usb_measurements	16	static
../Core/Src/bms.c:535:9:getbalancingKP	24	static
../Core/Src/bms.c:555:6:LTCTemperature	112	static
