../Core/Src/can.c:76:6:CAN_TX	80	static
../Core/Src/can.c:107:6:CAN_TX_IVT	80	static
../Core/Src/can.c:135:6:CAN_RX	48	static
../Core/Src/can.c:155:6:IVT_MODE	96	static
../Core/Src/can.c:171:6:IVT_ACTIVATE	96	static
../Core/Src/can.c:187:6:IVT_init	8	static
../Core/Src/can.c:236:6:can_put_data	4	static
../Core/Src/can.c:248:6:CAN_RX_IVT	48	static
../Core/Src/can.c:290:6:CAN_50	88	static
../Core/Src/can.c:304:6:CAN_10	88	static
../Core/Src/can.c:318:6:MX_CAN1_Init	48	static
../Core/Src/can.c:393:6:MX_CAN2_Init	88	static
../Core/Src/can.c:453:6:HAL_CAN_MspInit	56	static
../Core/Src/can.c:524:6:HAL_CAN_MspDeInit	16	static
