../Core/Src/can.c:88:6:CAN_TX	80	static
../Core/Src/can.c:119:6:CAN_TX_IVT	80	static
../Core/Src/can.c:147:6:CAN_RX	48	static
../Core/Src/can.c:166:6:IVT_MODE	96	static
../Core/Src/can.c:182:6:IVT_ACTIVATE	96	static
../Core/Src/can.c:198:6:IVT_init	8	static
../Core/Src/can.c:247:6:CAN_Send_All_LTC_Temps_Frame	104	static
../Core/Src/can.c:280:6:can_put_data	4	static
../Core/Src/can.c:292:6:CAN_RX_IVT	48	static
../Core/Src/can.c:334:6:CAN_50	88	static
../Core/Src/can.c:348:6:CAN_10	88	static
../Core/Src/can.c:385:6:MX_CAN1_Init	48	static
../Core/Src/can.c:460:6:MX_CAN2_Init	88	static
../Core/Src/can.c:522:6:HAL_CAN_MspInit	56	static
../Core/Src/can.c:593:6:HAL_CAN_MspDeInit	16	static
