../Core/Inc/LTC6811.h:161:20:spi_write_array	16	static
../Core/Inc/LTC6811.h:174:20:spi_write_read	24	static
../Core/Src/LTC6811.c:34:6:LTC6811_initialize	16	static
../Core/Src/LTC6811.c:39:6:wakeup_idle	8	static
../Core/Src/LTC6811.c:60:6:set_adc	24	static
../Core/Src/LTC6811.c:89:6:LTC6811_adcv	16	static
../Core/Src/LTC6811.c:112:6:LTC6811_clraux	16	static
../Core/Src/LTC6811.c:134:6:LTC6811_clrcell	16	static
../Core/Src/LTC6811.c:156:6:LTC6811_adax	16	static
../Core/Src/LTC6811.c:178:6:LTC6811_adstat	16	static
../Core/Src/LTC6811.c:200:9:LTC6811_rdadstat	24	static
../Core/Src/LTC6811.c:222:8:LTC6811_rdstat	32	static
../Core/Src/LTC6811.c:279:6:LTC6811_wrcfg	128	static
../Core/Src/LTC6811.c:320:9:LTC6811_rdcv	128	static
../Core/Src/LTC6811.c:359:6:LTC6811_rdcv_reg	24	static
../Core/Src/LTC6811.c:386:9:LTC6811_rdaux	128	static
../Core/Src/LTC6811.c:425:6:LTC6811_rdaux_reg	32	static
../Core/Src/LTC6811.c:450:6:LTC6811x_rdstat_reg	24	static
../Core/Src/LTC6811.c:479:6:LTC6811_read_all_internal_temps	120	static
../Core/Src/LTC6811.c:509:6:LTC6811_clrstat	16	static
../Core/Src/LTC6811.c:532:10:pec15_calc	32	static
