../Core/Inc/LTC6811.h:143:20:spi_write_array	16	static
../Core/Inc/LTC6811.h:156:20:spi_write_read	24	static
../Core/Src/LTC6811.c:31:6:LTC6811_initialize	16	static
../Core/Src/LTC6811.c:38:6:wakeup_idle	8	static
../Core/Src/LTC6811.c:58:6:set_adc	24	static
../Core/Src/LTC6811.c:81:6:LTC6811_adcv	16	static
../Core/Src/LTC6811.c:104:6:LTC6811_clraux	16	static
../Core/Src/LTC6811.c:126:6:LTC6811_adax	16	static
../Core/Src/LTC6811.c:148:6:LTC6811_adstat	16	static
../Core/Src/LTC6811.c:174:9:LTC6811_rdADSTAT	24	static
../Core/Src/LTC6811.c:194:6:LTC6811_wrcfg	128	static
../Core/Src/LTC6811.c:235:9:LTC6811_rdcv	128	static
../Core/Src/LTC6811.c:274:6:LTC6811_rdcv_reg	24	static
../Core/Src/LTC6811.c:301:9:LTC6811_rdaux	128	static
../Core/Src/LTC6811.c:340:6:LTC6811_rdaux_reg	32	static
../Core/Src/LTC6811.c:368:6:LTC6811_clrstat	16	static
../Core/Src/LTC6811.c:390:10:pec15_calc	32	static
