../Core/Inc/LTC6811.h:145:20:spi_write_array	16	static
../Core/Inc/LTC6811.h:158:20:spi_write_read	24	static
../Core/Src/LTC6811.c:32:6:LTC6811_initialize	16	static
../Core/Src/LTC6811.c:39:6:wakeup_idle	8	static
../Core/Src/LTC6811.c:59:6:set_adc	24	static
../Core/Src/LTC6811.c:82:6:LTC6811_adcv	16	static
../Core/Src/LTC6811.c:105:6:LTC6811_clraux	16	static
../Core/Src/LTC6811.c:127:6:LTC6811_adax	16	static
../Core/Src/LTC6811.c:149:6:LTC6811_adstat	16	static
../Core/Src/LTC6811.c:198:8:LTC6811_rdstat	32	static
../Core/Src/LTC6811.c:224:6:LTC6811_wrcfg	128	static
../Core/Src/LTC6811.c:265:9:LTC6811_rdcv	128	static
../Core/Src/LTC6811.c:304:6:LTC6811_rdcv_reg	24	static
../Core/Src/LTC6811.c:331:9:LTC6811_rdaux	128	static
../Core/Src/LTC6811.c:370:6:LTC6811_rdaux_reg	32	static
../Core/Src/LTC6811.c:396:6:LTC681x_rdstat_reg	24	static
../Core/Src/LTC6811.c:438:6:LTC6811_clrstat	16	static
../Core/Src/LTC6811.c:460:10:pec15_calc	32	static
