../Core/Inc/LTC6811.h:142:20:spi_write_array	16	static
../Core/Inc/LTC6811.h:155:20:spi_write_read	24	static
../Core/Src/LTC6811.c:30:6:LTC6811_initialize	16	static
../Core/Src/LTC6811.c:36:6:wakeup_idle	8	static
../Core/Src/LTC6811.c:56:6:set_adc	24	static
../Core/Src/LTC6811.c:79:6:LTC6811_adcv	16	static
../Core/Src/LTC6811.c:102:6:LTC6811_clraux	16	static
../Core/Src/LTC6811.c:124:6:LTC6811_adax	16	static
../Core/Src/LTC6811.c:146:6:LTC6811_adstat	16	static
../Core/Src/LTC6811.c:172:10:LTC6811_rdADSTAT	24	static
../Core/Src/LTC6811.c:193:6:LTC6811_wrcfg	128	static
../Core/Src/LTC6811.c:234:9:LTC6811_rdcv	128	static
../Core/Src/LTC6811.c:273:6:LTC6811_rdcv_reg	24	static
../Core/Src/LTC6811.c:300:9:LTC6811_rdaux	128	static
../Core/Src/LTC6811.c:339:6:LTC6811_rdaux_reg	32	static
../Core/Src/LTC6811.c:367:6:LTC6811_clrstat	16	static
../Core/Src/LTC6811.c:389:10:pec15_calc	32	static
