../Core/Inc/LTC6811.h:145:20:spi_write_array	16	static
../Core/Inc/LTC6811.h:158:20:spi_write_read	24	static
../Core/Src/LTC6811.c:30:6:LTC6811_initialize	16	static
../Core/Src/LTC6811.c:37:6:wakeup_idle	8	static
../Core/Src/LTC6811.c:57:6:set_adc	24	static
../Core/Src/LTC6811.c:80:6:LTC6811_adcv	16	static
../Core/Src/LTC6811.c:103:6:LTC6811_clraux	16	static
../Core/Src/LTC6811.c:125:6:LTC6811_adax	16	static
../Core/Src/LTC6811.c:147:6:LTC6811_adstat	16	static
../Core/Src/LTC6811.c:196:8:LTC6811_rdstat	32	static
../Core/Src/LTC6811.c:222:6:LTC6811_wrcfg	128	static
../Core/Src/LTC6811.c:263:9:LTC6811_rdcv	128	static
../Core/Src/LTC6811.c:302:6:LTC6811_rdcv_reg	24	static
../Core/Src/LTC6811.c:329:9:LTC6811_rdaux	128	static
../Core/Src/LTC6811.c:368:6:LTC6811_rdaux_reg	32	static
../Core/Src/LTC6811.c:394:6:LTC681x_rdstat_reg	24	static
../Core/Src/LTC6811.c:436:6:LTC6811_clrstat	16	static
../Core/Src/LTC6811.c:458:10:pec15_calc	32	static
