../Core/Inc/LTC6811.h:148:20:spi_write_array	16	static
../Core/Inc/LTC6811.h:162:20:spi_write_read	160	static
../Core/Src/LTC6811.c:30:6:LTC6811_initialize	16	static
../Core/Src/LTC6811.c:37:6:wakeup_idle	16	static
../Core/Src/LTC6811.c:68:6:set_adc	24	static
../Core/Src/LTC6811.c:91:6:LTC6811_adcv	16	static
../Core/Src/LTC6811.c:114:6:LTC6811_clraux	16	static
../Core/Src/LTC6811.c:136:6:LTC6811_adax	16	static
../Core/Src/LTC6811.c:158:6:LTC6811_adstat	16	static
../Core/Src/LTC6811.c:184:9:LTC6811_rdadstat	24	static
../Core/Src/LTC6811.c:207:8:LTC6811_rdstat	32	static
../Core/Src/LTC6811.c:233:6:LTC6811_wrcfg	128	static
../Core/Src/LTC6811.c:274:9:LTC6811_rdcv	128	static
../Core/Src/LTC6811.c:313:6:LTC6811_rdcv_reg	24	static
../Core/Src/LTC6811.c:340:9:LTC6811_rdaux	128	static
../Core/Src/LTC6811.c:379:6:LTC6811_rdaux_reg	32	static
../Core/Src/LTC6811.c:405:6:LTC681x_rdstat_reg	24	static
../Core/Src/LTC6811.c:447:6:LTC6811_clrstat	16	static
../Core/Src/LTC6811.c:469:10:pec15_calc	32	static
