../Core/Inc/LTC6811.h:159:20:spi_write_array	16	static
../Core/Inc/LTC6811.h:172:20:spi_write_read	24	static
../Core/Src/LTC6811.c:30:6:LTC6811_initialize	16	static
../Core/Src/LTC6811.c:35:6:wakeup_idle	8	static
../Core/Src/LTC6811.c:56:6:set_adc	24	static
../Core/Src/LTC6811.c:79:6:LTC6811_adcv	16	static
../Core/Src/LTC6811.c:102:6:LTC6811_clraux	16	static
../Core/Src/LTC6811.c:124:6:LTC6811_adax	16	static
../Core/Src/LTC6811.c:146:6:LTC6811_adstat	16	static
../Core/Src/LTC6811.c:168:9:LTC6811_rdadstat	24	static
../Core/Src/LTC6811.c:190:8:LTC6811_rdstat	32	static
../Core/Src/LTC6811.c:236:6:LTC6811_wrcfg	128	static
../Core/Src/LTC6811.c:277:9:LTC6811_rdcv	128	static
../Core/Src/LTC6811.c:316:6:LTC6811_rdcv_reg	24	static
../Core/Src/LTC6811.c:343:9:LTC6811_rdaux	128	static
../Core/Src/LTC6811.c:382:6:LTC6811_rdaux_reg	32	static
../Core/Src/LTC6811.c:407:6:LTC6811x_rdstat_reg	24	static
../Core/Src/LTC6811.c:447:6:LTC6811_clrstat	16	static
../Core/Src/LTC6811.c:470:10:pec15_calc	32	static
