../Core/Inc/LTC6811.h:159:20:spi_write_array	16	static
../Core/Inc/LTC6811.h:172:20:spi_write_read	24	static
../Core/Src/LTC6811.c:32:6:LTC6811_initialize	16	static
../Core/Src/LTC6811.c:37:6:wakeup_idle	8	static
../Core/Src/LTC6811.c:58:6:set_adc	24	static
../Core/Src/LTC6811.c:87:6:LTC6811_adcv	16	static
../Core/Src/LTC6811.c:110:6:LTC6811_clraux	16	static
../Core/Src/LTC6811.c:132:6:LTC6811_clrcell	16	static
../Core/Src/LTC6811.c:154:6:LTC6811_adax	16	static
../Core/Src/LTC6811.c:176:6:LTC6811_adstat	16	static
../Core/Src/LTC6811.c:198:9:LTC6811_rdadstat	24	static
../Core/Src/LTC6811.c:220:8:LTC6811_rdstat	32	static
../Core/Src/LTC6811.c:266:6:LTC6811_wrcfg	128	static
../Core/Src/LTC6811.c:307:9:LTC6811_rdcv	128	static
../Core/Src/LTC6811.c:346:6:LTC6811_rdcv_reg	24	static
../Core/Src/LTC6811.c:373:9:LTC6811_rdaux	128	static
../Core/Src/LTC6811.c:412:6:LTC6811_rdaux_reg	32	static
../Core/Src/LTC6811.c:437:6:LTC6811x_rdstat_reg	24	static
../Core/Src/LTC6811.c:477:6:LTC6811_clrstat	16	static
../Core/Src/LTC6811.c:500:10:pec15_calc	32	static
