../Core/Inc/Slave_control.h:185:20:spi_write_array	16	static
../Core/Inc/Slave_control.h:198:20:spi_write_read	24	static
../Core/Src/Slave_control.c:39:6:Slave_control	16	static
../Core/Src/Slave_control.c:52:6:wakeup_idle	8	static
../Core/Src/Slave_control.c:59:6:Config_setup	24	static
../Core/Src/Slave_control.c:72:6:set_setup	24	static
../Core/Src/Slave_control.c:95:6:LTC_cmd	16	static
../Core/Src/Slave_control.c:118:6:LTC_readout	24	static
../Core/Src/Slave_control.c:139:10:pec15_calc	32	static
