../Core/Inc/Slave_control.h:164:20:spi_write_array	16	static
../Core/Inc/Slave_control.h:177:20:spi_write_read	24	static
../Core/Src/Slave_control.c:41:6:Slave_control	16	static
../Core/Src/Slave_control.c:56:6:wakeup_idle	8	static
../Core/Src/Slave_control.c:63:6:Config_setup	24	static
../Core/Src/Slave_control.c:76:6:set_setup	24	static
../Core/Src/Slave_control.c:104:6:LTC_cmd	16	static
../Core/Src/Slave_control.c:127:10:LTC_readout	24	static
../Core/Src/Slave_control.c:151:10:pec15_calc	32	static
